// Jest Snapshot v1, https://goo.gl/fbAQLP

exports[`Unit test for home component Home component should be rendered correctly. 1`] = `
Object {
  "asFragment": [Function],
  "baseElement": <body>
    <div>
      <div
        style="width: 54rem; margin: 0px auto;"
      >
        <h1
          style="color: rgb(245, 145, 62);"
        >
          Welcome to our page
        </h1>
        <p>
          Lorem ipsum dolor sit amet consectetur adipisicing elit. Enim illum vel modi cupiditate, voluptatem vitae consequuntur, culpa quidem eligendi pariatur nostrum minima labore ipsum. Error labore ex illo libero esse. Lorem ipsum dolor sit amet consectetur adipisicing elit. Officiis animi ut asperiores consequuntur? Molestiae obcaecati esse nostrum molestias non officia dolorum magnam natus saepe recusandae blanditiis, doloremque dolores! Veniam, a.
        </p>
      </div>
    </div>
  </body>,
  "container": <div>
    <div
      style="width: 54rem; margin: 0px auto;"
    >
      <h1
        style="color: rgb(245, 145, 62);"
      >
        Welcome to our page
      </h1>
      <p>
        Lorem ipsum dolor sit amet consectetur adipisicing elit. Enim illum vel modi cupiditate, voluptatem vitae consequuntur, culpa quidem eligendi pariatur nostrum minima labore ipsum. Error labore ex illo libero esse. Lorem ipsum dolor sit amet consectetur adipisicing elit. Officiis animi ut asperiores consequuntur? Molestiae obcaecati esse nostrum molestias non officia dolorum magnam natus saepe recusandae blanditiis, doloremque dolores! Veniam, a.
      </p>
    </div>
  </div>,
  "debug": [Function],
  "findAllByAltText": [Function],
  "findAllByDisplayValue": [Function],
  "findAllByLabelText": [Function],
  "findAllByPlaceholderText": [Function],
  "findAllByRole": [Function],
  "findAllByTestId": [Function],
  "findAllByText": [Function],
  "findAllByTitle": [Function],
  "findByAltText": [Function],
  "findByDisplayValue": [Function],
  "findByLabelText": [Function],
  "findByPlaceholderText": [Function],
  "findByRole": [Function],
  "findByTestId": [Function],
  "findByText": [Function],
  "findByTitle": [Function],
  "getAllByAltText": [Function],
  "getAllByDisplayValue": [Function],
  "getAllByLabelText": [Function],
  "getAllByPlaceholderText": [Function],
  "getAllByRole": [Function],
  "getAllByTestId": [Function],
  "getAllByText": [Function],
  "getAllByTitle": [Function],
  "getByAltText": [Function],
  "getByDisplayValue": [Function],
  "getByLabelText": [Function],
  "getByPlaceholderText": [Function],
  "getByRole": [Function],
  "getByTestId": [Function],
  "getByText": [Function],
  "getByTitle": [Function],
  "queryAllByAltText": [Function],
  "queryAllByDisplayValue": [Function],
  "queryAllByLabelText": [Function],
  "queryAllByPlaceholderText": [Function],
  "queryAllByRole": [Function],
  "queryAllByTestId": [Function],
  "queryAllByText": [Function],
  "queryAllByTitle": [Function],
  "queryByAltText": [Function],
  "queryByDisplayValue": [Function],
  "queryByLabelText": [Function],
  "queryByPlaceholderText": [Function],
  "queryByRole": [Function],
  "queryByTestId": [Function],
  "queryByText": [Function],
  "queryByTitle": [Function],
  "rerender": [Function],
  "unmount": [Function],
}
`;
